1437180123569139718-gVeqroH3ZcnzZgaGMkNGt0SBl8XrEN:gLNKf0dWesIz6whLgHyZsj9dvK1nY0oCVXmIrAoWpRKhj:@KaylaFl25574574:D0EE15WjTLvlKq4:angelicanyholm2000015+zuchqf@outlook.com:fyjzF917j0z:104.144.26.87:8617
1437180123569139718-gVeqroH3ZcnzZgaGMkNGt0SBl8XrEN:gLNKf0dWesIz6whLgHyZsj9dvK1nY0oCVXmIrAoWpRKhj:@KaylaFl25574574:D0EE15WjTLvlKq4:angelicanyholm2000015+zuchqf@outlook.com:fyjzF917j0z:104.144.26.87:8617
1437180123569139718-gVeqroH3ZcnzZgaGMkNGt0SBl8XrEN:gLNKf0dWesIz6whLgHyZsj9dvK1nY0oCVXmIrAoWpRKhj:@KaylaFl25574574:D0EE15WjTLvlKq4:angelicanyholm2000015+zuchqf@outlook.com:fyjzF917j0z:104.144.26.87:8617
1437180123569139714-gVeqroH3ZcnzZgaGMkNGt0SBl8XrEN:gLNKf0dWesIz6whLgHyZsj9dvK1nY0oCVXmIrAoWpRKhj:@KaylaFl25574574:D0EE15WjTLvlKq4:angelicanyholm2000015+zuchqf@outlook.com:fyjzF917j0z:104.144.26.87:8617
1437180123569139718-gVeqroH3ZcnzZgaGMkNGt0SBl8XrEN:gLNKf0dWesIz6whLgHyZsj9dvK1nY0oCVXmIrAoWpRKhj:@KaylaFl25574574:D0EE15WjTLvlKq4:angelicanyholm2000015+zuchqf@outlook.com:fyjzF917j0z:104.144.26.87:8617
1437180123569139714-gVeqroH3ZcnzZgaGMkNGt0SBl8XrEN:gLNKf0dWesIz6whLgHyZsj9dvK1nY0oCVXmIrAoWpRKhj:@KaylaFl25574574:D0EE15WjTLvlKq4:angelicanyholm2000015+zuchqf@outlook.com:fyjzF917j0z:104.144.26.87:8617
1437180123569139718-gVeqroH3ZcnzZgaGMkNGt0SBl8XrEN:gLNKf0dWesIz6whLgHyZsj9dvK1nY0oCVXmIrAoWpRKhj:@KaylaFl25574574:D0EE15WjTLvlKq4:angelicanyholm2000015+zuchqf@outlook.com:fyjzF917j0z:104.144.26.87:8617
1437180123569139714-gVeqroH3ZcnzZgaGMkNGt0SBl8XrEN:gLNKf0dWesIz6whLgHyZsj9dvK1nY0oCVXmIrAoWpRKhj:@KaylaFl25574574:D0EE15WjTLvlKq4:angelicanyholm2000015+zuchqf@outlook.com:fyjzF917j0z:104.144.26.87:8617
1437180123569139718-gVeqroH3ZcnzZgaGMkNGt0SBl8XrEN:gLNKf0dWesIz6whLgHyZsj9dvK1nY0oCVXmIrAoWpRKhj:@KaylaFl25574574:D0EE15WjTLvlKq4:angelicanyholm2000015+zuchqf@outlook.com:fyjzF917j0z:104.144.26.87:8617
1437180123569139714-gVeqroH3ZcnzZgaGMkNGt0SBl8XrEN:gLNKf0dWesIz6whLgHyZsj9dvK1nY0oCVXmIrAoWpRKhj:@KaylaFl25574574:D0EE15WjTLvlKq4:angelicanyholm2000015+zuchqf@outlook.com:fyjzF917j0z:104.144.26.87:8617
1437180123569139718-gVeqroH3ZcnzZgaGMkNGt0SBl8XrEN:gLNKf0dWesIz6whLgHyZsj9dvK1nY0oCVXmIrAoWpRKhj:@KaylaFl25574574:D0EE15WjTLvlKq4:angelicanyholm2000015+zuchqf@outlook.com:fyjzF917j0z:104.144.26.87:8617
1437180123569139714-gVeqroH3ZcnzZgaGMkNGt0SBl8XrEN:gLNKf0dWesIz6whLgHyZsj9dvK1nY0oCVXmIrAoWpRKhj:@KaylaFl25574574:D0EE15WjTLvlKq4:angelicanyholm2000015+zuchqf@outlook.com:fyjzF917j0z:104.144.26.87:8617
1344205802-EppIOw8Wk3so4Oz1vPFWKCPotBNjsC6OVAXLHZ4:6ot8aG2ZuWs1t39wPMF46EH0r1Xf9K0X6EZJ18dy99whm:nonamanisbanget:password545:nonamanisbanget@yahoo.com:
1343535025-H7ZEOwMysmqD66e02UQGENti5ZRWNVWoPqtbCUJ:iVZgvyESSJRHeuGEbTzQQI7nLU3btsnyc94fEEwvOPV7t:arisa_marissa:password545:arisa_marissa@yahoo.com:
1344205802-EppIOw8Wk3so4Oz1vPFWKCPotBNjsC6OVAXLHZ4:6ot8aG2ZuWs1t39wPMF46EH0r1Xf9K0X6EZJ18dy99whm:nonamanisbanget:password545:nonamanisbanget@yahoo.com:
715274570-f00mRVu4cRz62iXgMgdzXWas9MvKqSfaRSRRM2Na:Bwo0INzUhoLpxKlLJdnsjE7eIIOAtmBGy1EdEUh20zVUe:qwaianash:password545:qwaianash@yahoo.com:
711626940-ORyLHwZUZF40exeGrTNuSK7mSQ1SmktQY6UHvdLD:2UYjlbrv6Itl0DLbVomzvvUWIbH2ug1avqZUPgsh01zPC:deborahmeisner:password545:deborahmeisner@yahoo.com:
2287651321-XlYRw802UW56Wab7EJGhwzRDVoIgrK9AjB0e9ah:K0Q0k26hXPW7GSELOWAoik0vW3yzVDMkzpXANkgWOWlK1:ajisdanjija:password545:ajisdanjija@yahoo.com:
2216247981-ZSOT5VpkCDlpJwQo3V857h1J6DOJmNdpaaGItay:e2NjlhN8Tfjhc5uVvKJ3EOxU6TJ2wfkkGzsuQ4BIejKF7:frenchhappens:password545:frenchhappens@yahoo.com:
2216247981-ZSOT5VpkCDlpJwQo3V857h1J6DOJmNdpaaGItay:e2NjlhN8Tfjhc5uVvKJ3EOxU6TJ2wfkkGzsuQ4BIejKF7:frenchhappens:password545:frenchhappens@yahoo.com:
1343404795-Jh7N80awKyIur5NgGAhdOplS5X7d3NVf0JXzT4T:w6iFXUydLgw1z14MSBzt1N1EbojRm8NEp12ihxIbqv9t1:vriLiGS:password545:vriLiGS@yahoo.com:
715274570-f00mRVu4cRz62iXgMgdzXWas9MvKqSfaRSRRM2Na:Bwo0INzUhoLpxKlLJdnsjE7eIIOAtmBGy1EdEUh20zVUe:qwaianash:password545:qwaianash@yahoo.com:
711626940-ORyLHwZUZF40exeGrTNuSK7mSQ1SmktQY6UHvdLD:2UYjlbrv6Itl0DLbVomzvvUWIbH2ug1avqZUPgsh01zPC:deborahmeisner:password545:deborahmeisner@yahoo.com:
1343404795-Jh7N80awKyIur5NgGAhdOplS5X7d3NVf0JXzT4T:w6iFXUydLgw1z14MSBzt1N1EbojRm8NEp12ihxIbqv9t1:vriLiGS:password545:vriLiGS@yahoo.com:
715274570-f00mRVu4cRz62iXgMgdzXWas9MvKqSfaRSRRM2Na:Bwo0INzUhoLpxKlLJdnsjE7eIIOAtmBGy1EdEUh20zVUe:qwaianash:password545:qwaianash@yahoo.com:
711626940-ORyLHwZUZF40exeGrTNuSK7mSQ1SmktQY6UHvdLD:2UYjlbrv6Itl0DLbVomzvvUWIbH2ug1avqZUPgsh01zPC:deborahmeisner:password545:deborahmeisner@yahoo.com:
2287651321-XlYRw802UW56Wab7EJGhwzRDVoIgrK9AjB0e9ah:K0Q0k26hXPW7GSELOWAoik0vW3yzVDMkzpXANkgWOWlK1:ajisdanjija:password545:ajisdanjija@yahoo.com:
2216247981-ZSOT5VpkCDlpJwQo3V857h1J6DOJmNdpaaGItay:e2NjlhN8Tfjhc5uVvKJ3EOxU6TJ2wfkkGzsuQ4BIejKF7:frenchhappens:password545:frenchhappens@yahoo.com:
715274570-7UcM5XIAfDTWW12OQ6DyNOR699wov6FBdNt6Aqrd:jzRJ6gwvL9pjiQ4KE6YsBLOyxMNIzcdGz6uEpaC0GPI7I:qwaianash:password545:qwaianash@yahoo.com:
715274570-6r2OMwZuQyFiIuffmNIdbmVDHxy8Xotaa5YZnYe5:RkEESa4oPSSBNoQecB80RvEg3LF1VV6RvwrQSOcnZx0LV:qwaianash:password545:qwaianash@yahoo.com:
711626940-cM9J3gnWRJ7Lx74DUTtuxOQ48GSO7QqCW5UYWgCq:mx12qSZsaMNXUGuIzuctjIbnEKIQJ6gbozU4ROnHgJA7E:deborahmeisner:password545:deborahmeisner@yahoo.com:
2287651321-MW9416nwC3re3tt5J2Ca37Y8zXSJbAjLz16e3wg:MlEYJ65zsvVfn2P4bB3ZLCPTjtbBLVxoJL5gWp56e5TlQ:ajisdanjija:password545:ajisdanjija@yahoo.com:
2777881136-aB9fXzpThzpQoyyDI3k2Kj3jke3y8cVCFbJxSft:EGlTzemrASBTZvatbrb2uKchLKphBs2FQs0GSRc0Y5yqG:ipalsarang:fOpGcdQSpJ:ipalsarang@yahoo.com:
1343404795-Jh7N80awKyIur5NgGAhdOplS5X7d3NVf0JXzT4T:w6iFXUydLgw1z14MSBzt1N1EbojRm8NEp12ihxIbqv9t1:vriLiGS:password545:vriLiGS@yahoo.com:
715274570-f00mRVu4cRz62iXgMgdzXWas9MvKqSfaRSRRM2Na:Bwo0INzUhoLpxKlLJdnsjE7eIIOAtmBGy1EdEUh20zVUe:qwaianash:password545:qwaianash@yahoo.com:
711626940-ORyLHwZUZF40exeGrTNuSK7mSQ1SmktQY6UHvdLD:2UYjlbrv6Itl0DLbVomzvvUWIbH2ug1avqZUPgsh01zPC:deborahmeisner:password545:deborahmeisner@yahoo.com:
2287651321-XlYRw802UW56Wab7EJGhwzRDVoIgrK9AjB0e9ah:K0Q0k26hXPW7GSELOWAoik0vW3yzVDMkzpXANkgWOWlK1:ajisdanjija:password545:ajisdanjija@yahoo.com:
2216247981-ZSOT5VpkCDlpJwQo3V857h1J6DOJmNdpaaGItay:e2NjlhN8Tfjhc5uVvKJ3EOxU6TJ2wfkkGzsuQ4BIejKF7:frenchhappens:password545:frenchhappens@yahoo.com:
1340967019-SxJsGxXkjiltYcwoNN1nndD9JzRoTwVj7fqHVVF:OQKtbGNTpzTvko9smH3iIc6rUFYn7TT9g5c0vwoEJLc4E:herydelvinndo:password545:herydelvinndo@yahoo.com:
1264094738-iX0kAHauEUkOuSAoMN4ongcsLDEgFLAVcVK4ahD:7kDFw4i2C65sHCM60ZXJ3Q4J8QfVpdRZoNFjZbpL1DLkp:elmaeliasandi:password545:elmaeliasandi@yahoo.com:
715274570-7UcM5XIAfDTWW12OQ6DyNOR699wov6FBdNt6Aqrd:jzRJ6gwvL9pjiQ4KE6YsBLOyxMNIzcdGz6uEpaC0GPI7I:qwaianash:password545:qwaianash@yahoo.com:
715274570-6r2OMwZuQyFiIuffmNIdbmVDHxy8Xotaa5YZnYe5:RkEESa4oPSSBNoQecB80RvEg3LF1VV6RvwrQSOcnZx0LV:qwaianash:password545:qwaianash@yahoo.com:
711626940-cM9J3gnWRJ7Lx74DUTtuxOQ48GSO7QqCW5UYWgCq:mx12qSZsaMNXUGuIzuctjIbnEKIQJ6gbozU4ROnHgJA7E:deborahmeisner:password545:deborahmeisner@yahoo.com:
2287651321-MW9416nwC3re3tt5J2Ca37Y8zXSJbAjLz16e3wg:MlEYJ65zsvVfn2P4bB3ZLCPTjtbBLVxoJL5gWp56e5TlQ:ajisdanjija:password545:ajisdanjija@yahoo.com:
1343350764-t9HhatFUrI1mOTq5ekKhVP3h3OvHwfaGqSc4Xnd:BGSVvyZdHSlIAh5wokQDry1YkaHiwJPVayBFNeHXqPJXt:Thaaratniz:password545:Thaaratniz@yahoo.com:
